Component: Arm Compiler for Embedded 6.24 Tool: armlink [5f371500]

==============================================================================

Removing Unused input sections from the image.

    Removing main_ac6.o(.text), (0 bytes).
    Removing main_ac6.o(.ARM.exidx.text.SysTick_Handler), (8 bytes).
    Removing main_ac6.o(.ARM.exidx.text.main), (8 bytes).
    Removing main_ac6.o(.ARM.use_no_argv), (4 bytes).
    Removing startup_ac6.o(.text), (0 bytes).
    Removing startup_ac6.o(.ARM.exidx.text.Reset_Handler), (8 bytes).
    Removing startup_ac6.o(.ARM.exidx.text.Default_Handler), (8 bytes).
    Removing crc_ac6.o(.text), (0 bytes).
    Removing crc_ac6.o(.ARM.exidx.text.compute_crc), (8 bytes).

9 unused section(s) (total 44 bytes) removed from the image.

==============================================================================

Image Symbol Table

    Local Symbols

    Symbol Name                              Value     Ov Type        Size  Object(Section)

    ../clib/angel/boardlib.s                 0x00000000   Number         0  boardinit1.o ABSOLUTE
    ../clib/angel/boardlib.s                 0x00000000   Number         0  boardinit2.o ABSOLUTE
    ../clib/angel/boardlib.s                 0x00000000   Number         0  boardinit3.o ABSOLUTE
    ../clib/angel/boardlib.s                 0x00000000   Number         0  boardshut.o ABSOLUTE
    ../clib/angel/handlers.s                 0x00000000   Number         0  __scatter_copy.o ABSOLUTE
    ../clib/angel/handlers.s                 0x00000000   Number         0  __scatter_zi.o ABSOLUTE
    ../clib/angel/kernel.s                   0x00000000   Number         0  __rtentry.o ABSOLUTE
    ../clib/angel/kernel.s                   0x00000000   Number         0  __rtentry2.o ABSOLUTE
    ../clib/angel/kernel.s                   0x00000000   Number         0  __rtentry4.o ABSOLUTE
    ../clib/angel/kernel.s                   0x00000000   Number         0  __rtentry7.o ABSOLUTE
    ../clib/angel/kernel.s                   0x00000000   Number         0  rtexit.o ABSOLUTE
    ../clib/angel/kernel.s                   0x00000000   Number         0  rtexit2.o ABSOLUTE
    ../clib/angel/rt.s                       0x00000000   Number         0  rt_raise.o ABSOLUTE
    ../clib/angel/scatter.s                  0x00000000   Number         0  __scatter.o ABSOLUTE
    ../clib/angel/startup.s                  0x00000000   Number         0  __main.o ABSOLUTE
    ../clib/angel/sys.s                      0x00000000   Number         0  sys_stackheap_outer.o ABSOLUTE
    ../clib/angel/sys.s                      0x00000000   Number         0  libspace.o ABSOLUTE
    ../clib/angel/sys.s                      0x00000000   Number         0  sys_stackheap.o ABSOLUTE
    ../clib/angel/sys.s                      0x00000000   Number         0  sys_stackheap_hlt.o ABSOLUTE
    ../clib/angel/sys.s                      0x00000000   Number         0  use_no_semi.o ABSOLUTE
    ../clib/angel/sys.s                      0x00000000   Number         0  indicate_semi.o ABSOLUTE
    ../clib/angel/sysapp.c                   0x00000000   Number         0  sys_exit.o ABSOLUTE
    ../clib/angel/sysapp.c                   0x00000000   Number         0  sys_exit_hlt.o ABSOLUTE
    ../clib/angel/sysapp.c                   0x00000000   Number         0  sys_command.o ABSOLUTE
    ../clib/angel/sysapp.c                   0x00000000   Number         0  sys_command_hlt.o ABSOLUTE
    ../clib/angel/sysapp.c                   0x00000000   Number         0  sys_wrch.o ABSOLUTE
    ../clib/angel/sysapp.c                   0x00000000   Number         0  sys_wrch_hlt.o ABSOLUTE
    ../clib/armsys.c                         0x00000000   Number         0  argv_veneer.o ABSOLUTE
    ../clib/armsys.c                         0x00000000   Number         0  argv_veneer.o ABSOLUTE
    ../clib/armsys.c                         0x00000000   Number         0  _get_argv_nomalloc.o ABSOLUTE
    ../clib/armsys.c                         0x00000000   Number         0  no_argv.o ABSOLUTE
    ../clib/heapalloc.c                      0x00000000   Number         0  hrguard.o ABSOLUTE
    ../clib/libinit.s                        0x00000000   Number         0  libinit.o ABSOLUTE
    ../clib/libinit.s                        0x00000000   Number         0  libinit2.o ABSOLUTE
    ../clib/libinit.s                        0x00000000   Number         0  libinit5.o ABSOLUTE
    ../clib/libinit.s                        0x00000000   Number         0  libshutdown.o ABSOLUTE
    ../clib/libinit.s                        0x00000000   Number         0  libshutdown2.o ABSOLUTE
    ../clib/signal.c                         0x00000000   Number         0  defsig_rtmem_outer.o ABSOLUTE
    ../clib/signal.c                         0x00000000   Number         0  defsig_rtmem_formal.o ABSOLUTE
    ../clib/signal.c                         0x00000000   Number         0  defsig_exit.o ABSOLUTE
    ../clib/signal.c                         0x00000000   Number         0  defsig_rtmem_inner.o ABSOLUTE
    ../clib/signal.c                         0x00000000   Number         0  __raise.o ABSOLUTE
    ../clib/signal.c                         0x00000000   Number         0  defsig_general.o ABSOLUTE
    ../clib/signal.c                         0x00000000   Number         0  defsig_abrt_inner.o ABSOLUTE
    ../clib/signal.c                         0x00000000   Number         0  defsig_fpe_inner.o ABSOLUTE
    ../clib/signal.c                         0x00000000   Number         0  defsig_rtred_inner.o ABSOLUTE
    ../clib/signal.c                         0x00000000   Number         0  defsig_stak_inner.o ABSOLUTE
    ../clib/signal.c                         0x00000000   Number         0  defsig_pvfn_inner.o ABSOLUTE
    ../clib/signal.c                         0x00000000   Number         0  defsig_cppl_inner.o ABSOLUTE
    ../clib/signal.c                         0x00000000   Number         0  defsig_segv_inner.o ABSOLUTE
    ../clib/signal.c                         0x00000000   Number         0  defsig_other.o ABSOLUTE
    ../clib/signal.s                         0x00000000   Number         0  defsig.o ABSOLUTE
    ../clib/stdlib.c                         0x00000000   Number         0  exit.o ABSOLUTE
    ../fplib/fpinit.s                        0x00000000   Number         0  fpinit.o ABSOLUTE
    crc.c                                    0x00000000   Number         0  crc_ac6.o ABSOLUTE
    dc.s                                     0x00000000   Number         0  dc.o ABSOLUTE
    main.c                                   0x00000000   Number         0  main_ac6.o ABSOLUTE
    startup.c                                0x00000000   Number         0  startup_ac6.o ABSOLUTE
    !!!main                                  0x08000000   Section        8  __main.o(!!!main)
    !!!scatter                               0x08000008   Section       92  __scatter.o(!!!scatter)
    !!handler_copy                           0x08000064   Section       26  __scatter_copy.o(!!handler_copy)
    !!handler_null                           0x08000080   Section        2  __scatter.o(!!handler_null)
    !!handler_zi                             0x08000084   Section       28  __scatter_zi.o(!!handler_zi)
    .ARM.Collect$$libinit$$00000000          0x080000a0   Section        2  libinit.o(.ARM.Collect$$libinit$$00000000)
    .ARM.Collect$$libinit$$00000001          0x080000a2   Section        4  libinit2.o(.ARM.Collect$$libinit$$00000001)
    .ARM.Collect$$libinit$$00000004          0x080000a6   Section        0  libinit2.o(.ARM.Collect$$libinit$$00000004)
    .ARM.Collect$$libinit$$00000006          0x080000a6   Section        0  libinit2.o(.ARM.Collect$$libinit$$00000006)
    .ARM.Collect$$libinit$$0000000C          0x080000a6   Section        0  libinit2.o(.ARM.Collect$$libinit$$0000000C)
    .ARM.Collect$$libinit$$0000000E          0x080000a6   Section        0  libinit2.o(.ARM.Collect$$libinit$$0000000E)
    .ARM.Collect$$libinit$$00000010          0x080000a6   Section        0  libinit2.o(.ARM.Collect$$libinit$$00000010)
    .ARM.Collect$$libinit$$00000013          0x080000a6   Section        0  libinit2.o(.ARM.Collect$$libinit$$00000013)
    .ARM.Collect$$libinit$$00000015          0x080000a6   Section        0  libinit2.o(.ARM.Collect$$libinit$$00000015)
    .ARM.Collect$$libinit$$00000017          0x080000a6   Section        0  libinit2.o(.ARM.Collect$$libinit$$00000017)
    .ARM.Collect$$libinit$$00000019          0x080000a6   Section        0  libinit2.o(.ARM.Collect$$libinit$$00000019)
    .ARM.Collect$$libinit$$0000001B          0x080000a6   Section        0  libinit2.o(.ARM.Collect$$libinit$$0000001B)
    .ARM.Collect$$libinit$$0000001D          0x080000a6   Section        0  libinit2.o(.ARM.Collect$$libinit$$0000001D)
    .ARM.Collect$$libinit$$0000001F          0x080000a6   Section        0  libinit2.o(.ARM.Collect$$libinit$$0000001F)
    .ARM.Collect$$libinit$$00000021          0x080000a6   Section        0  libinit2.o(.ARM.Collect$$libinit$$00000021)
    .ARM.Collect$$libinit$$00000023          0x080000a6   Section        0  libinit2.o(.ARM.Collect$$libinit$$00000023)
    .ARM.Collect$$libinit$$00000025          0x080000a6   Section        0  libinit2.o(.ARM.Collect$$libinit$$00000025)
    .ARM.Collect$$libinit$$00000027          0x080000a6   Section        0  libinit2.o(.ARM.Collect$$libinit$$00000027)
    .ARM.Collect$$libinit$$0000002E          0x080000a6   Section        0  libinit2.o(.ARM.Collect$$libinit$$0000002E)
    .ARM.Collect$$libinit$$00000030          0x080000a6   Section        0  libinit2.o(.ARM.Collect$$libinit$$00000030)
    .ARM.Collect$$libinit$$00000032          0x080000a6   Section        0  libinit2.o(.ARM.Collect$$libinit$$00000032)
    .ARM.Collect$$libinit$$00000034          0x080000a6   Section        0  libinit2.o(.ARM.Collect$$libinit$$00000034)
    .ARM.Collect$$libinit$$00000035          0x080000a6   Section        2  libinit2.o(.ARM.Collect$$libinit$$00000035)
    .ARM.Collect$$libshutdown$$00000000      0x080000a8   Section        2  libshutdown.o(.ARM.Collect$$libshutdown$$00000000)
    .ARM.Collect$$libshutdown$$00000002      0x080000aa   Section        0  libshutdown2.o(.ARM.Collect$$libshutdown$$00000002)
    .ARM.Collect$$libshutdown$$00000004      0x080000aa   Section        0  libshutdown2.o(.ARM.Collect$$libshutdown$$00000004)
    .ARM.Collect$$libshutdown$$00000007      0x080000aa   Section        0  libshutdown2.o(.ARM.Collect$$libshutdown$$00000007)
    .ARM.Collect$$libshutdown$$0000000A      0x080000aa   Section        0  libshutdown2.o(.ARM.Collect$$libshutdown$$0000000A)
    .ARM.Collect$$libshutdown$$0000000C      0x080000aa   Section        0  libshutdown2.o(.ARM.Collect$$libshutdown$$0000000C)
    .ARM.Collect$$libshutdown$$0000000F      0x080000aa   Section        0  libshutdown2.o(.ARM.Collect$$libshutdown$$0000000F)
    .ARM.Collect$$libshutdown$$00000010      0x080000aa   Section        2  libshutdown2.o(.ARM.Collect$$libshutdown$$00000010)
    .ARM.Collect$$rtentry$$00000000          0x080000ac   Section        0  __rtentry.o(.ARM.Collect$$rtentry$$00000000)
    .ARM.Collect$$rtentry$$00000002          0x080000ac   Section        0  __rtentry2.o(.ARM.Collect$$rtentry$$00000002)
    .ARM.Collect$$rtentry$$00000007          0x080000ac   Section        4  __rtentry7.o(.ARM.Collect$$rtentry$$00000007)
    .ARM.Collect$$rtentry$$00000009          0x080000b0   Section        0  __rtentry2.o(.ARM.Collect$$rtentry$$00000009)
    .ARM.Collect$$rtentry$$0000000A          0x080000b0   Section        4  __rtentry2.o(.ARM.Collect$$rtentry$$0000000A)
    .ARM.Collect$$rtentry$$0000000C          0x080000b4   Section        0  __rtentry2.o(.ARM.Collect$$rtentry$$0000000C)
    .ARM.Collect$$rtentry$$0000000D          0x080000b4   Section        8  __rtentry2.o(.ARM.Collect$$rtentry$$0000000D)
    __lit__00000000                          0x080000bc   Data           4  __rtentry7.o(.ARM.Collect$$rtentry$$00002718)
    .ARM.Collect$$rtentry$$00002718          0x080000bc   Section        4  __rtentry7.o(.ARM.Collect$$rtentry$$00002718)
    .ARM.Collect$$rtexit$$00000000           0x080000c0   Section        2  rtexit.o(.ARM.Collect$$rtexit$$00000000)
    .ARM.Collect$$rtexit$$00000002           0x080000c2   Section        0  rtexit2.o(.ARM.Collect$$rtexit$$00000002)
    .ARM.Collect$$rtexit$$00000003           0x080000c2   Section        4  rtexit2.o(.ARM.Collect$$rtexit$$00000003)
    .ARM.Collect$$rtexit$$00000004           0x080000c6   Section        6  rtexit2.o(.ARM.Collect$$rtexit$$00000004)
    .text                                    0x080000cc   Section        0  exit.o(.text)
    .text                                    0x080000de   Section        2  use_no_semi.o(.text)
    .text                                    0x080000e0   Section        0  indicate_semi.o(.text)
    .text                                    0x080000e0   Section        0  sys_exit.o(.text)
    [Anonymous Symbol]                       0x080000ec   Section        0  startup_ac6.o(.text.Default_Handler)
    [Anonymous Symbol]                       0x080000f0   Section        0  startup_ac6.o(.text.Reset_Handler)
    [Anonymous Symbol]                       0x080000f6   Section        0  main_ac6.o(.text.SysTick_Handler)
    [Anonymous Symbol]                       0x08000108   Section        0  crc_ac6.o(.text.compute_crc)
    [Anonymous Symbol]                       0x08000138   Section        0  main_ac6.o(.text.main)
    $v0                                      0x08000166   Number         0  fpinit.o(x$fpl$fpinit)
    x$fpl$fpinit                             0x08000166   Section       26  fpinit.o(x$fpl$fpinit)
    __tagsym$$used.0                         0x080002a0   Number         0  startup_ac6.o(.vectors)
    rx_buffer                                0x20000040   Data         256  main_ac6.o(.bss.rx_buffer)
    [Anonymous Symbol]                       0x20000040   Section        0  main_ac6.o(.bss.rx_buffer)

    Global Symbols

    Symbol Name                              Value     Ov Type        Size  Object(Section)

    BuildAttributes$$THM_ISAv4$E$P$D$K$B$S$7EM$VFPv5_D16$PE$PLD8$A:L22UL41UL21$X:L11$S22US41US21$IEEE1$IW$USESV6$~STKCKD$USESV7$WCHAR32$ENUMINT$~SHL$OSPACE$ROPI$UX$STANDARDLIB$REQ8$PRES8$EABIv2 0x00000000   Number         0  anon$$obj.o ABSOLUTE
    Image$$ZI$$Limit                          - Undefined Weak Reference
    __ARM_exceptions_init                     - Undefined Weak Reference
    __alloca_initialize                       - Undefined Weak Reference
    __arm_preinit_                            - Undefined Weak Reference
    __arm_relocate_pie_                       - Undefined Weak Reference
    __cpp_initialize__aeabi_                  - Undefined Weak Reference
    __cxa_finalize                            - Undefined Weak Reference
    __rt_locale                               - Undefined Weak Reference
    __sigvec_lookup                           - Undefined Weak Reference
    _atexit_init                              - Undefined Weak Reference
    _call_atexit_fns                          - Undefined Weak Reference
    _clock_init                               - Undefined Weak Reference
    _fp_trap_init                             - Undefined Weak Reference
    _fp_trap_shutdown                         - Undefined Weak Reference
    _get_lc_collate                           - Undefined Weak Reference
    _get_lc_ctype                             - Undefined Weak Reference
    _get_lc_monetary                          - Undefined Weak Reference
    _get_lc_numeric                           - Undefined Weak Reference
    _get_lc_time                              - Undefined Weak Reference
    _getenv_init                              - Undefined Weak Reference
    _handle_redirection                       - Undefined Weak Reference
    _init_alloc                               - Undefined Weak Reference
    _init_user_alloc                          - Undefined Weak Reference
    _initio                                   - Undefined Weak Reference
    _rand_init                                - Undefined Weak Reference
    _signal_finish                            - Undefined Weak Reference
    _signal_init                              - Undefined Weak Reference
    _terminate_alloc                          - Undefined Weak Reference
    _terminate_user_alloc                     - Undefined Weak Reference
    _terminateio                              - Undefined Weak Reference
    __main                                   0x08000001   Thumb Code     8  __main.o(!!!main)
    __scatterload                            0x08000009   Thumb Code     0  __scatter.o(!!!scatter)
    __scatterload_rt2                        0x08000009   Thumb Code    84  __scatter.o(!!!scatter)
    __scatterload_rt2_thumb_only             0x08000009   Thumb Code     0  __scatter.o(!!!scatter)
    __scatterload_loop                       0x08000013   Thumb Code     0  __scatter.o(!!!scatter)
    __scatterload_copy                       0x08000065   Thumb Code    26  __scatter_copy.o(!!handler_copy)
    __scatterload_null                       0x08000081   Thumb Code     2  __scatter.o(!!handler_null)
    __scatterload_zeroinit                   0x08000085   Thumb Code    28  __scatter_zi.o(!!handler_zi)
    __rt_lib_init                            0x080000a1   Thumb Code     0  libinit.o(.ARM.Collect$$libinit$$00000000)
    __rt_lib_init_fp_1                       0x080000a3   Thumb Code     0  libinit2.o(.ARM.Collect$$libinit$$00000001)
    __rt_lib_init_alloca_1                   0x080000a7   Thumb Code     0  libinit2.o(.ARM.Collect$$libinit$$00000030)
    __rt_lib_init_argv_1                     0x080000a7   Thumb Code     0  libinit2.o(.ARM.Collect$$libinit$$0000002E)
    __rt_lib_init_atexit_1                   0x080000a7   Thumb Code     0  libinit2.o(.ARM.Collect$$libinit$$0000001D)
    __rt_lib_init_clock_1                    0x080000a7   Thumb Code     0  libinit2.o(.ARM.Collect$$libinit$$00000023)
    __rt_lib_init_cpp_1                      0x080000a7   Thumb Code     0  libinit2.o(.ARM.Collect$$libinit$$00000034)
    __rt_lib_init_exceptions_1               0x080000a7   Thumb Code     0  libinit2.o(.ARM.Collect$$libinit$$00000032)
    __rt_lib_init_fp_trap_1                  0x080000a7   Thumb Code     0  libinit2.o(.ARM.Collect$$libinit$$00000021)
    __rt_lib_init_getenv_1                   0x080000a7   Thumb Code     0  libinit2.o(.ARM.Collect$$libinit$$00000025)
    __rt_lib_init_heap_1                     0x080000a7   Thumb Code     0  libinit2.o(.ARM.Collect$$libinit$$0000000C)
    __rt_lib_init_lc_collate_1               0x080000a7   Thumb Code     0  libinit2.o(.ARM.Collect$$libinit$$00000013)
    __rt_lib_init_lc_ctype_1                 0x080000a7   Thumb Code     0  libinit2.o(.ARM.Collect$$libinit$$00000015)
    __rt_lib_init_lc_monetary_1              0x080000a7   Thumb Code     0  libinit2.o(.ARM.Collect$$libinit$$00000017)
    __rt_lib_init_lc_numeric_1               0x080000a7   Thumb Code     0  libinit2.o(.ARM.Collect$$libinit$$00000019)
    __rt_lib_init_lc_time_1                  0x080000a7   Thumb Code     0  libinit2.o(.ARM.Collect$$libinit$$0000001B)
    __rt_lib_init_preinit_1                  0x080000a7   Thumb Code     0  libinit2.o(.ARM.Collect$$libinit$$00000006)
    __rt_lib_init_rand_1                     0x080000a7   Thumb Code     0  libinit2.o(.ARM.Collect$$libinit$$00000010)
    __rt_lib_init_relocate_pie_1             0x080000a7   Thumb Code     0  libinit2.o(.ARM.Collect$$libinit$$00000004)
    __rt_lib_init_return                     0x080000a7   Thumb Code     0  libinit2.o(.ARM.Collect$$libinit$$00000035)
    __rt_lib_init_signal_1                   0x080000a7   Thumb Code     0  libinit2.o(.ARM.Collect$$libinit$$0000001F)
    __rt_lib_init_stdio_1                    0x080000a7   Thumb Code     0  libinit2.o(.ARM.Collect$$libinit$$00000027)
    __rt_lib_init_user_alloc_1               0x080000a7   Thumb Code     0  libinit2.o(.ARM.Collect$$libinit$$0000000E)
    __rt_lib_shutdown                        0x080000a9   Thumb Code     0  libshutdown.o(.ARM.Collect$$libshutdown$$00000000)
    __rt_lib_shutdown_cpp_1                  0x080000ab   Thumb Code     0  libshutdown2.o(.ARM.Collect$$libshutdown$$00000002)
    __rt_lib_shutdown_fp_trap_1              0x080000ab   Thumb Code     0  libshutdown2.o(.ARM.Collect$$libshutdown$$00000007)
    __rt_lib_shutdown_heap_1                 0x080000ab   Thumb Code     0  libshutdown2.o(.ARM.Collect$$libshutdown$$0000000F)
    __rt_lib_shutdown_return                 0x080000ab   Thumb Code     0  libshutdown2.o(.ARM.Collect$$libshutdown$$00000010)
    __rt_lib_shutdown_signal_1               0x080000ab   Thumb Code     0  libshutdown2.o(.ARM.Collect$$libshutdown$$0000000A)
    __rt_lib_shutdown_stdio_1                0x080000ab   Thumb Code     0  libshutdown2.o(.ARM.Collect$$libshutdown$$00000004)
    __rt_lib_shutdown_user_alloc_1           0x080000ab   Thumb Code     0  libshutdown2.o(.ARM.Collect$$libshutdown$$0000000C)
    __rt_entry                               0x080000ad   Thumb Code     0  __rtentry.o(.ARM.Collect$$rtentry$$00000000)
    __rt_entry_presh_1                       0x080000ad   Thumb Code     0  __rtentry2.o(.ARM.Collect$$rtentry$$00000002)
    __rt_entry_sh                            0x080000ad   Thumb Code     0  __rtentry7.o(.ARM.Collect$$rtentry$$00000007)
    __rt_entry_li                            0x080000b1   Thumb Code     0  __rtentry2.o(.ARM.Collect$$rtentry$$0000000A)
    __rt_entry_postsh_1                      0x080000b1   Thumb Code     0  __rtentry2.o(.ARM.Collect$$rtentry$$00000009)
    __rt_entry_main                          0x080000b5   Thumb Code     0  __rtentry2.o(.ARM.Collect$$rtentry$$0000000D)
    __rt_entry_postli_1                      0x080000b5   Thumb Code     0  __rtentry2.o(.ARM.Collect$$rtentry$$0000000C)
    __rt_exit                                0x080000c1   Thumb Code     0  rtexit.o(.ARM.Collect$$rtexit$$00000000)
    __rt_exit_ls                             0x080000c3   Thumb Code     0  rtexit2.o(.ARM.Collect$$rtexit$$00000003)
    __rt_exit_prels_1                        0x080000c3   Thumb Code     0  rtexit2.o(.ARM.Collect$$rtexit$$00000002)
    __rt_exit_exit                           0x080000c7   Thumb Code     0  rtexit2.o(.ARM.Collect$$rtexit$$00000004)
    exit                                     0x080000cd   Thumb Code    18  exit.o(.text)
    __I$use$semihosting                      0x080000df   Thumb Code     0  use_no_semi.o(.text)
    __use_no_semihosting_swi                 0x080000df   Thumb Code     2  use_no_semi.o(.text)
    __semihosting_library_function           0x080000e1   Thumb Code     0  indicate_semi.o(.text)
    _sys_exit                                0x080000e1   Thumb Code     8  sys_exit.o(.text)
    Default_Handler                          0x080000ed   Thumb Code     2  startup_ac6.o(.text.Default_Handler)
    Reset_Handler                            0x080000f1   Thumb Code     6  startup_ac6.o(.text.Reset_Handler)
    SysTick_Handler                          0x080000f7   Thumb Code    16  main_ac6.o(.text.SysTick_Handler)
    compute_crc                              0x08000109   Thumb Code    48  crc_ac6.o(.text.compute_crc)
    main                                     0x08000139   Thumb Code    46  main_ac6.o(.text.main)
    _fp_init                                 0x08000167   Thumb Code    26  fpinit.o(x$fpl$fpinit)
    __fplib_config_fpu_vfp                   0x0800017f   Thumb Code     0  fpinit.o(x$fpl$fpinit)
    __fplib_config_pureend_doubles           0x0800017f   Thumb Code     0  fpinit.o(x$fpl$fpinit)
    crc_table                                0x08000180   Data         256  crc_ac6.o(.rodata.crc_table)
    Region$$Table$$Base                      0x08000280   Number         0  anon$$obj.o(Region$$Table)
    Region$$Table$$Limit                     0x080002a0   Number         0  anon$$obj.o(Region$$Table)
    vector_table                             0x080002a0   Data          64  startup_ac6.o(.vectors)
    config_table                             0x20000000   Data          64  main_ac6.o(.data.config_table)
    tick_count                               0x20000140   Data           4  main_ac6.o(.bss.tick_count)
    Image$$ARM_LIB_HEAP$$ZI$$Base            0x20040000   Number         0  anon$$obj.o ABSOLUTE
    Image$$ARM_LIB_HEAP$$ZI$$Limit           0x20040400   Number         0  anon$$obj.o ABSOLUTE
    Image$$ARM_LIB_STACK$$ZI$$Limit          0x20041000   Number         0  anon$$obj.o ABSOLUTE



==============================================================================

Memory Map of the image

  Image Entry point : 0x080000f1

  Load Region LR_ROM0 (Base: 0x08000000, Size: 0x00000320, Max: 0x00100000, ABSOLUTE)

    Execution Region ER_ROM0 (Base: 0x08000000, Size: 0x000002e0, Max: 0x00100000, ABSOLUTE)

    Base Addr    Size         Type   Attr      Idx    E Section Name        Object

    0x08000000   0x00000008   Code   RO           42  * !!!main             c_wu.l(__main.o)
    0x08000008   0x0000005c   Code   RO          220    !!!scatter          c_wu.l(__scatter.o)
    0x08000064   0x0000001a   Code   RO          224    !!handler_copy      c_wu.l(__scatter_copy.o)
    0x0800007e   0x00000002   PAD
    0x08000080   0x00000002   Code   RO          221    !!handler_null      c_wu.l(__scatter.o)
    0x08000082   0x00000002   PAD
    0x08000084   0x0000001c   Code   RO          226    !!handler_zi        c_wu.l(__scatter_zi.o)
    0x080000a0   0x00000002   Code   RO           74    .ARM.Collect$$libinit$$00000000  c_wu.l(libinit.o)
    0x080000a2   0x00000004   Code   RO           84    .ARM.Collect$$libinit$$00000001  c_wu.l(libinit2.o)
    0x080000a6   0x00000000   Code   RO           87    .ARM.Collect$$libinit$$00000004  c_wu.l(libinit2.o)
    0x080000a6   0x00000000   Code   RO           89    .ARM.Collect$$libinit$$00000006  c_wu.l(libinit2.o)
    0x080000a6   0x00000000   Code   RO           92    .ARM.Collect$$libinit$$0000000C  c_wu.l(libinit2.o)
    0x080000a6   0x00000000   Code   RO           94    .ARM.Collect$$libinit$$0000000E  c_wu.l(libinit2.o)
    0x080000a6   0x00000000   Code   RO           96    .ARM.Collect$$libinit$$00000010  c_wu.l(libinit2.o)
    0x080000a6   0x00000000   Code   RO           99    .ARM.Collect$$libinit$$00000013  c_wu.l(libinit2.o)
    0x080000a6   0x00000000   Code   RO          101    .ARM.Collect$$libinit$$00000015  c_wu.l(libinit2.o)
    0x080000a6   0x00000000   Code   RO          103    .ARM.Collect$$libinit$$00000017  c_wu.l(libinit2.o)
    0x080000a6   0x00000000   Code   RO          105    .ARM.Collect$$libinit$$00000019  c_wu.l(libinit2.o)
    0x080000a6   0x00000000   Code   RO          107    .ARM.Collect$$libinit$$0000001B  c_wu.l(libinit2.o)
    0x080000a6   0x00000000   Code   RO          109    .ARM.Collect$$libinit$$0000001D  c_wu.l(libinit2.o)
    0x080000a6   0x00000000   Code   RO          111    .ARM.Collect$$libinit$$0000001F  c_wu.l(libinit2.o)
    0x080000a6   0x00000000   Code   RO          113    .ARM.Collect$$libinit$$00000021  c_wu.l(libinit2.o)
    0x080000a6   0x00000000   Code   RO          115    .ARM.Collect$$libinit$$00000023  c_wu.l(libinit2.o)
    0x080000a6   0x00000000   Code   RO          117    .ARM.Collect$$libinit$$00000025  c_wu.l(libinit2.o)
    0x080000a6   0x00000000   Code   RO          119    .ARM.Collect$$libinit$$00000027  c_wu.l(libinit2.o)
    0x080000a6   0x00000000   Code   RO          123    .ARM.Collect$$libinit$$0000002E  c_wu.l(libinit2.o)
    0x080000a6   0x00000000   Code   RO          125    .ARM.Collect$$libinit$$00000030  c_wu.l(libinit2.o)
    0x080000a6   0x00000000   Code   RO          127    .ARM.Collect$$libinit$$00000032  c_wu.l(libinit2.o)
    0x080000a6   0x00000000   Code   RO          129    .ARM.Collect$$libinit$$00000034  c_wu.l(libinit2.o)
    0x080000a6   0x00000002   Code   RO          130    .ARM.Collect$$libinit$$00000035  c_wu.l(libinit2.o)
    0x080000a8   0x00000002   Code   RO          159    .ARM.Collect$$libshutdown$$00000000  c_wu.l(libshutdown.o)
    0x080000aa   0x00000000   Code   RO          171    .ARM.Collect$$libshutdown$$00000002  c_wu.l(libshutdown2.o)
    0x080000aa   0x00000000   Code   RO          173    .ARM.Collect$$libshutdown$$00000004  c_wu.l(libshutdown2.o)
    0x080000aa   0x00000000   Code   RO          176    .ARM.Collect$$libshutdown$$00000007  c_wu.l(libshutdown2.o)
    0x080000aa   0x00000000   Code   RO          179    .ARM.Collect$$libshutdown$$0000000A  c_wu.l(libshutdown2.o)
    0x080000aa   0x00000000   Code   RO          181    .ARM.Collect$$libshutdown$$0000000C  c_wu.l(libshutdown2.o)
    0x080000aa   0x00000000   Code   RO          184    .ARM.Collect$$libshutdown$$0000000F  c_wu.l(libshutdown2.o)
    0x080000aa   0x00000002   Code   RO          185    .ARM.Collect$$libshutdown$$00000010  c_wu.l(libshutdown2.o)
    0x080000ac   0x00000000   Code   RO           44    .ARM.Collect$$rtentry$$00000000  c_wu.l(__rtentry.o)
    0x080000ac   0x00000000   Code   RO           46    .ARM.Collect$$rtentry$$00000002  c_wu.l(__rtentry2.o)
    0x080000ac   0x00000004   Code   RO           60    .ARM.Collect$$rtentry$$00000007  c_wu.l(__rtentry7.o)
    0x080000b0   0x00000000   Code   RO           48    .ARM.Collect$$rtentry$$00000009  c_wu.l(__rtentry2.o)
    0x080000b0   0x00000004   Code   RO           49    .ARM.Collect$$rtentry$$0000000A  c_wu.l(__rtentry2.o)
    0x080000b4   0x00000000   Code   RO           51    .ARM.Collect$$rtentry$$0000000C  c_wu.l(__rtentry2.o)
    0x080000b4   0x00000008   Code   RO           52    .ARM.Collect$$rtentry$$0000000D  c_wu.l(__rtentry2.o)
    0x080000bc   0x00000004   Code   RO           61    .ARM.Collect$$rtentry$$00002718  c_wu.l(__rtentry7.o)
    0x080000c0   0x00000002   Code   RO           82    .ARM.Collect$$rtexit$$00000000  c_wu.l(rtexit.o)
    0x080000c2   0x00000000   Code   RO          139    .ARM.Collect$$rtexit$$00000002  c_wu.l(rtexit2.o)
    0x080000c2   0x00000004   Code   RO          140    .ARM.Collect$$rtexit$$00000003  c_wu.l(rtexit2.o)
    0x080000c6   0x00000006   Code   RO          141    .ARM.Collect$$rtexit$$00000004  c_wu.l(rtexit2.o)
    0x080000cc   0x00000012   Code   RO           67    .text               c_wu.l(exit.o)
    0x080000de   0x00000002   Code   RO          135    .text               c_wu.l(use_no_semi.o)
    0x080000e0   0x00000000   Code   RO          137    .text               c_wu.l(indicate_semi.o)
    0x080000e0   0x0000000c   Code   RO          149    .text               c_wu.l(sys_exit.o)
    0x080000ec   0x00000002   Code   RO           21    .text.Default_Handler  startup_ac6.o
    0x080000ee   0x00000002   PAD
    0x080000f0   0x00000006   Code   RO           19  * .text.Reset_Handler  startup_ac6.o
    0x080000f6   0x00000010   Code   RO            4    .text.SysTick_Handler  main_ac6.o
    0x08000106   0x00000002   PAD
    0x08000108   0x00000030   Code   RO           31    .text.compute_crc   libutil_ac6.l(crc_ac6.o)
    0x08000138   0x0000002e   Code   RO            6    .text.main          main_ac6.o
    0x08000166   0x0000001a   Code   RO          147    x$fpl$fpinit        fz_wv.l(fpinit.o)
    0x08000180   0x00000100   Data   RO           33    .rodata.crc_table   libutil_ac6.l(crc_ac6.o)
    0x08000280   0x00000020   Data   RO          219    Region$$Table       anon$$obj.o
    0x080002a0   0x00000040   Data   RW           23    .vectors            startup_ac6.o


    Execution Region RW_RAM0 (Base: 0x20000000, Size: 0x00000144, Max: 0x00050000, ABSOLUTE)

    Base Addr    Size         Type   Attr      Idx    E Section Name        Object

    0x20000000   0x00000040   Data   RW            8    .data.config_table  main_ac6.o
    0x20000040   0x00000100   Zero   RW           10    .bss.rx_buffer      main_ac6.o
    0x20000140   0x00000004   Zero   RW            9    .bss.tick_count     main_ac6.o


    Execution Region ARM_LIB_HEAP (Base: 0x20040000, Size: 0x00000400, Max: 0x00000400, ABSOLUTE)

    Base Addr    Size         Type   Attr      Idx    E Section Name        Object

    0x20040000   0x00000400   Zero   RW            1    ARM_LIB_HEAP.bss    anon$$obj.o


    Execution Region ARM_LIB_STACK (Base: 0x20040c00, Size: 0x00000400, Max: 0x00000400, ABSOLUTE)

    Base Addr    Size         Type   Attr      Idx    E Section Name        Object

    0x20040c00   0x00000400   Zero   RW            2    ARM_LIB_STACK.bss   anon$$obj.o


==============================================================================

Image component sizes


      Code (inc. data)   RO Data    RW Data    ZI Data      Debug   Object Name

        62          0          0         64        260       1021   main_ac6.o
         8          0          0         64          0        641   startup_ac6.o

    ----------------------------------------------------------------------
        74          0         32        128       2308       1662   Object Totals
         0          0         32          0       2048          0   (incl. Generated)
         4          0          0          0          0          0   (incl. Padding)

    ----------------------------------------------------------------------

      Code (inc. data)   RO Data    RW Data    ZI Data      Debug   Library Member Name

         8          0          0          0          0         68   __main.o
         0          0          0          0          0          0   __rtentry.o
        12          0          0          0          0          0   __rtentry2.o
         8          4          0          0          0          0   __rtentry7.o
        94          8          0          0          0          0   __scatter.o
        26          0          0          0          0          0   __scatter_copy.o
        28          0          0          0          0          0   __scatter_zi.o
        18          0          0          0          0         80   exit.o
         0          0          0          0          0          0   indicate_semi.o
         2          0          0          0          0          0   libinit.o
         6          0          0          0          0          0   libinit2.o
         2          0          0          0          0          0   libshutdown.o
         2          0          0          0          0          0   libshutdown2.o
         2          0          0          0          0          0   rtexit.o
        10          0          0          0          0          0   rtexit2.o
        12          4          0          0          0         68   sys_exit.o
         2          0          0          0          0         68   use_no_semi.o
        26          0          0          0          0        116   fpinit.o
        48          0        256          0          0        985   crc_ac6.o

    ----------------------------------------------------------------------
       310         16        256          0          0       1385   Library Totals
         4          0          0          0          0          0   (incl. Padding)

    ----------------------------------------------------------------------

      Code (inc. data)   RO Data    RW Data    ZI Data      Debug   Library Name

       232         16          0          0          0        284   c_wu.l
        26          0          0          0          0        116   fz_wv.l
        48          0        256          0          0        985   libutil_ac6.l

    ----------------------------------------------------------------------
       310         16        256          0          0       1385   Library Totals

    ----------------------------------------------------------------------

==============================================================================


      Code (inc. data)   RO Data    RW Data    ZI Data      Debug   

       384         16        288        128       2308       3175   Grand Totals
       384         16        288        128       2308       3175   ELF Image Totals
       384         16        288        128          0          0   ROM Totals

==============================================================================

    Total RO  Size (Code + RO Data)                  672 (   0.66kB)
    Total RW  Size (RW Data + ZI Data)              2436 (   2.38kB)
    Total ROM Size (Code + RO Data + RW Data)        800 (   0.78kB)

==============================================================================

